// Jest Snapshot v1, https://goo.gl/fbAQLP

exports[`editQuestionModal renders 1`] = `<DocumentFragment />`;
