// Jest Snapshot v1, https://goo.gl/fbAQLP

exports[`QuestionList renders 1`] = `
<DocumentFragment>
  <div>
    <div>
      <div>
        <div>
          <button
            class="edDelBtn"
          >
             Delete  
          </button>
           |
          <button
            class="edDelBtn"
          >
            Edit
          </button>
        </div>
        <div
          class="listItem d-flex justify-content-between"
        >
          <div
            class="question"
          >
            Did you attend with a guest?
          </div>
          <div>
            <div
              class="form-check form-check-inline"
            >
              <input
                class="form-check-input"
                type="radio"
                value="Yes"
              />
              <label
                class="form-check-label"
                title=""
              >
                Yes
              </label>
            </div>
            <div
              class="form-check form-check-inline"
            >
              <input
                class="form-check-input"
                type="radio"
                value="No"
              />
              <label
                class="form-check-label"
                title=""
              >
                No
              </label>
            </div>
          </div>
        </div>
        <br />
      </div>
    </div>
    <div>
      <div>
        <div>
          <button
            class="edDelBtn"
          >
             Delete  
          </button>
           |
          <button
            class="edDelBtn"
          >
            Edit
          </button>
        </div>
        <div
          class="listItem d-flex justify-content-between"
        >
          <div
            class="question"
          >
            Did you stay the whole time?
          </div>
          <div>
            <div
              class="form-check form-check-inline"
            >
              <input
                class="form-check-input"
                type="radio"
                value="Yes"
              />
              <label
                class="form-check-label"
                title=""
              >
                Yes
              </label>
            </div>
            <div
              class="form-check form-check-inline"
            >
              <input
                class="form-check-input"
                type="radio"
                value="No"
              />
              <label
                class="form-check-label"
                title=""
              >
                No
              </label>
            </div>
          </div>
        </div>
        <br />
      </div>
    </div>
    <div>
      <div>
        <div>
          <button
            class="edDelBtn"
          >
             Delete  
          </button>
           |
          <button
            class="edDelBtn"
          >
            Edit
          </button>
        </div>
        <div
          class="listItem d-flex justify-content-between"
        >
          <div
            class="question"
          >
            How was the food?
          </div>
          <div>
            <div
              class="form-check form-check-inline"
            >
              <input
                class="form-check-input"
                type="radio"
                value="ok"
              />
              <label
                class="form-check-label"
                title=""
              >
                ok
              </label>
            </div>
            <div
              class="form-check form-check-inline"
            >
              <input
                class="form-check-input"
                type="radio"
                value="good"
              />
              <label
                class="form-check-label"
                title=""
              >
                good
              </label>
            </div>
            <div
              class="form-check form-check-inline"
            >
              <input
                class="form-check-input"
                type="radio"
                value="great"
              />
              <label
                class="form-check-label"
                title=""
              >
                great
              </label>
            </div>
          </div>
        </div>
        <br />
      </div>
    </div>
    <div>
      <div>
        <div>
          <button
            class="edDelBtn"
          >
             Delete  
          </button>
           |
          <button
            class="edDelBtn"
          >
            Edit
          </button>
        </div>
        <div
          class="listItem d-flex justify-content-between"
        >
          <div
            class="question"
          >
            How was the entertainment?
          </div>
          <div>
            <div
              class="form-check form-check-inline"
            >
              <input
                class="form-check-input"
                type="radio"
                value="ok"
              />
              <label
                class="form-check-label"
                title=""
              >
                ok
              </label>
            </div>
            <div
              class="form-check form-check-inline"
            >
              <input
                class="form-check-input"
                type="radio"
                value="good"
              />
              <label
                class="form-check-label"
                title=""
              >
                good
              </label>
            </div>
            <div
              class="form-check form-check-inline"
            >
              <input
                class="form-check-input"
                type="radio"
                value="great"
              />
              <label
                class="form-check-label"
                title=""
              >
                great
              </label>
            </div>
          </div>
        </div>
        <br />
      </div>
    </div>
    <div>
      <div>
        <div>
          <button
            class="edDelBtn"
          >
             Delete  
          </button>
           |
          <button
            class="edDelBtn"
          >
            Edit
          </button>
        </div>
        <div
          class="listItem"
        >
          <div
            class="question"
          >
            How can we improve?
          </div>
          <br />
          <textarea
            class="form-control"
            rows="3"
          />
        </div>
        <br />
      </div>
    </div>
  </div>
</DocumentFragment>
`;
